qemu-system-riscv64 -machine virt -bios none -kernel kernel/kernel -m 3G -smp 1 -nographic -drive file=fs.img,if=none,format=raw,id=x0 -device virtio-blk-device,drive=x0,bus=virtio-mmio-bus.0

xv6 kernel is booting

init: starting sh
$ kthtest 1
running test_arg
>>> kthmain(50): starts
>>> kthmain(50): Kthreads can take arguments
>>> kthmain(50): I should get 101... actual arg = 101
>>> kthmain(50): ends
$ QEMU: Terminated


